[2025-05-02 21:30:52] Unauthorized access attempt to /Salvio2/public/orders
[2025-05-02 21:32:06] User 'admin' logged out.
[2025-05-02 21:32:08] User 'admin' logged in successfully.
[2025-05-02 21:32:10] User 'admin' accessed products list.
[2025-05-02 21:32:11] User 'admin' logged in successfully.
[2025-05-02 21:32:15] User 'admin' accessed orders list
[2025-05-02 21:32:20] User 'admin' accessed orders list
[2025-05-02 21:32:25] User 'admin' accessed orders list
[2025-05-02 21:32:30] User 'admin' accessed products list.
[2025-05-02 21:32:35] User 'admin' accessed orders list
[2025-05-02 21:32:37] User 'admin' accessed orders list
[2025-05-02 21:32:55] User 'admin' logged out.
[2025-05-02 21:32:59] Unauthorized access attempt to /Salvio2/public/
[2025-05-02 21:33:01] User 'admin' logged in successfully.
[2025-05-02 21:33:03] User 'admin' accessed orders list
[2025-05-02 21:33:09] User 'admin' accessed orders list
[2025-05-02 21:33:14] User 'admin' logged out.
[2025-05-02 21:33:15] User 'admin' logged in successfully.
[2025-05-02 21:33:19] User 'admin' accessed orders list
[2025-05-02 21:34:26] Unauthorized access attempt to /Salvio2/public/orders
[2025-05-02 21:35:15] User 'admin' logged in successfully.
[2025-05-02 21:37:35] Unauthorized access attempt to /Salvio2/public/orders
[2025-05-02 21:38:23] User 'admin' logged in successfully.
[2025-05-02 21:38:44] User 'admin' accessed orders list
[2025-05-02 21:38:52] User 'admin' accessed orders list
[2025-05-02 21:38:59] User 'admin' accessed orders list
[2025-05-02 21:39:00] User 'admin' accessed products list.
[2025-05-02 21:39:05] User 'admin' viewed order #1
[2025-05-02 21:39:06] User 'admin' accessed orders list
[2025-05-02 21:39:10] User 'admin' accessed orders list
[2025-05-02 21:39:16] User 'admin' accessed products list.
[2025-05-02 21:39:19] User 'admin' accessed orders list
[2025-05-02 21:39:23] User 'admin' viewed order #1
[2025-05-02 21:39:32] User 'admin' accessed orders list
[2025-05-02 21:39:37] User 'admin' accessed orders list
[2025-05-02 21:39:51] Unauthorized access attempt to /Salvio2/public/orders
[2025-05-02 21:40:50] User 'admin' logged in successfully.
[2025-05-02 21:40:54] User 'admin' accessed products list.
[2025-05-02 21:40:56] User 'admin' accessed orders list
[2025-05-02 21:41:17] User 'admin' accessed products list.
[2025-05-02 21:49:04] Unauthorized access attempt to /Salvio2/public/commissions
[2025-05-02 21:49:51] User 'admin' logged in successfully.
[2025-05-02 21:50:42] Unauthorized access attempt to /Salvio2/public/commissions
[2025-05-02 21:52:16] User 'admin' logged in successfully.
[2025-05-02 21:52:21] User 'admin' accessed products list.
[2025-05-02 21:52:26] User 'admin' logged out.
[2025-05-02 21:52:27] User 'admin' logged in successfully.
[2025-05-02 21:52:28] User 'admin' accessed orders list
[2025-05-02 21:52:31] User 'admin' accessed products list.
[2025-05-02 21:52:37] User 'admin' accessed orders list
[2025-05-02 21:52:39] User 'admin' accessed products list.
[2025-05-02 21:52:44] User 'admin' accessed orders list
[2025-05-02 21:52:51] User 'admin' accessed products list.
[2025-05-02 21:54:20] Unauthorized access attempt to /Salvio2/public/commissions
[2025-05-02 21:55:11] User 'admin' logged in successfully.
[2025-05-02 22:03:33] Unauthorized access attempt to /Salvio2/public/profit-sharing
[2025-05-02 22:06:57] User 'admin' logged in successfully.
[2025-05-02 22:07:30] User 'admin' accessed orders list
[2025-05-02 22:07:42] Unauthorized access attempt to /Salvio2/public/profit-sharing
[2025-05-02 22:08:33] User 'admin' logged in successfully.
[2025-05-02 22:08:55] User 'admin' accessed orders list
[2025-05-02 22:08:57] User 'admin' accessed orders list
[2025-05-02 22:09:45] Unauthorized access attempt to /Salvio2/public/profit-sharing
[2025-05-02 22:10:34] User 'admin' accessed products list.
[2025-05-02 22:10:36] User 'admin' accessed orders list
[2025-05-02 22:10:53] User 'admin' logged in successfully.
[2025-05-02 22:14:18] Unauthorized access attempt to /Salvio2/public/profit-sharing
[2025-05-02 22:15:15] User 'admin' logged in successfully.
[2025-05-02 22:19:00] Unauthorized access attempt to /Salvio2/public/products
[2025-05-02 22:20:18] User 'admin' logged in successfully.
[2025-05-02 22:20:46] User 'admin' accessed products list.
[2025-05-02 22:21:24] User 'admin' accessed orders list
[2025-05-02 22:27:01] Unauthorized access attempt to /Salvio2/public/commissions
[2025-05-02 22:28:12] User 'admin' logged in successfully.
[2025-05-02 22:29:17] User 'admin' accessed products list.
[2025-05-02 22:29:18] User 'admin' accessed orders list
[2025-05-02 22:29:54] Unauthorized access attempt to /Salvio2/public/commissions
[2025-05-02 22:30:53] User 'admin' logged in successfully.
[2025-05-02 22:32:25] Unauthorized access attempt to /Salvio2/public/commissions
[2025-05-02 22:33:28] User 'admin' logged in successfully.
[2025-05-02 22:43:09] Unauthorized access attempt to /Salvio2/public/
[2025-05-02 22:43:28] Unauthorized access attempt to /Salvio2/public/
[2025-05-02 22:43:54] User 'admin' logged in successfully.
[2025-05-02 22:44:05] User 'admin' accessed orders list
[2025-05-02 22:45:00] Unauthorized access attempt to /Salvio2/public/
[2025-05-02 22:45:31] User 'admin' logged in successfully.
[2025-05-02 22:45:45] User 'admin' accessed orders list
[2025-05-02 22:45:59] User 'admin' viewed order #1
[2025-05-02 22:46:46] Unauthorized access attempt to /Salvio2/public/
[2025-05-02 22:47:31] User 'admin' logged in successfully.
[2025-05-02 22:48:25] Unauthorized access attempt to /Salvio2/public/commissions
[2025-05-02 22:49:30] User 'admin' logged in successfully.
[2025-05-02 22:50:25] Unauthorized access attempt to /Salvio2/public/commissions
[2025-05-02 22:51:25] User 'admin' logged in successfully.
[2025-05-02 22:52:05] Unauthorized access attempt to /Salvio2/public/commissions
[2025-05-02 22:53:16] User 'admin' logged in successfully.
[2025-05-02 22:53:34] Unauthorized access attempt to /Salvio2/public/commissions
[2025-05-02 22:54:44] User 'admin' logged in successfully.
[2025-05-02 22:55:02] Unauthorized access attempt to /Salvio2/public/commissions
[2025-05-02 22:56:30] User 'admin' logged in successfully.
[2025-05-02 22:56:49] Unauthorized access attempt to /Salvio2/public/commissions
[2025-05-02 22:59:51] Unauthorized access attempt to /Salvio2/public/commissions/rates
[2025-05-02 23:05:55] Failed login attempt for username 'admin'.
[2025-05-02 23:08:10] Failed login attempt for username 'admin'.
[2025-05-02 23:08:31] Unauthorized access attempt to /Salvio2/public/commissions/rates
[2025-05-02 23:10:44] Failed login attempt for username 'admin'.
[2025-05-02 23:13:08] Failed login attempt for username 'admin'.
[2025-05-03 04:25:30] Unauthorized access attempt to /Salvio2/public/
[2025-05-03 04:25:30] Unauthorized access attempt to /Salvio2/public/
[2025-05-03 04:25:30] Unauthorized access attempt to /Salvio2/public/
[2025-05-03 04:25:31] Unauthorized access attempt to /Salvio2/public/
[2025-05-03 04:25:31] Unauthorized access attempt to /Salvio2/public/
[2025-05-03 04:25:31] Unauthorized access attempt to /Salvio2/public/
[2025-05-03 04:25:31] Unauthorized access attempt to /Salvio2/public/
[2025-05-03 04:25:31] Unauthorized access attempt to /Salvio2/public/
[2025-05-03 04:25:31] Unauthorized access attempt to /Salvio2/public/
[2025-05-03 04:25:31] Unauthorized access attempt to /Salvio2/public/
[2025-05-03 04:25:32] Unauthorized access attempt to /Salvio2/public/
[2025-05-03 04:25:32] Unauthorized access attempt to /Salvio2/public/
[2025-05-03 04:25:32] Unauthorized access attempt to /Salvio2/public/
[2025-05-03 04:25:32] Unauthorized access attempt to /Salvio2/public/
[2025-05-03 04:25:32] Unauthorized access attempt to /Salvio2/public/
[2025-05-03 04:25:32] Unauthorized access attempt to /Salvio2/public/
[2025-05-03 04:25:32] Unauthorized access attempt to /Salvio2/public/
[2025-05-03 04:25:32] Unauthorized access attempt to /Salvio2/public/
[2025-05-03 04:25:32] Unauthorized access attempt to /Salvio2/public/
[2025-05-03 04:25:32] Unauthorized access attempt to /Salvio2/public/
[2025-05-03 04:25:32] Unauthorized access attempt to /Salvio2/public/
[2025-05-03 04:25:32] Unauthorized access attempt to /Salvio2/public/
[2025-05-03 04:25:32] Unauthorized access attempt to /Salvio2/public/
[2025-05-03 04:25:32] Unauthorized access attempt to /Salvio2/public/
[2025-05-03 04:25:32] Unauthorized access attempt to /Salvio2/public/
[2025-05-03 04:25:32] Unauthorized access attempt to /Salvio2/public/
[2025-05-03 04:25:32] Unauthorized access attempt to /Salvio2/public/
[2025-05-03 04:25:32] Unauthorized access attempt to /Salvio2/public/
[2025-05-03 04:25:32] Unauthorized access attempt to /Salvio2/public/
[2025-05-03 04:25:32] Unauthorized access attempt to /Salvio2/public/
[2025-05-03 04:25:33] Unauthorized access attempt to /Salvio2/public/
[2025-05-03 04:25:33] Unauthorized access attempt to /Salvio2/public/
[2025-05-03 04:25:33] Unauthorized access attempt to /Salvio2/public/
[2025-05-03 04:25:34] Unauthorized access attempt to /Salvio2/public/
[2025-05-03 04:25:34] Unauthorized access attempt to /Salvio2/public/
[2025-05-03 04:25:34] Unauthorized access attempt to /Salvio2/public/
[2025-05-03 04:25:34] Unauthorized access attempt to /Salvio2/public/
[2025-05-03 04:25:34] Unauthorized access attempt to /Salvio2/public/
[2025-05-03 04:25:34] Unauthorized access attempt to /Salvio2/public/
[2025-05-03 04:25:34] Unauthorized access attempt to /Salvio2/public/
[2025-05-03 04:25:34] Unauthorized access attempt to /Salvio2/public/
[2025-05-03 04:25:34] Unauthorized access attempt to /Salvio2/public/
[2025-05-03 04:25:34] Unauthorized access attempt to /Salvio2/public/
[2025-05-03 04:25:34] Unauthorized access attempt to /Salvio2/public/
[2025-05-03 04:25:34] Unauthorized access attempt to /Salvio2/public/
[2025-05-03 04:25:34] Unauthorized access attempt to /Salvio2/public/
[2025-05-03 04:25:34] Unauthorized access attempt to /Salvio2/public/
[2025-05-03 04:25:34] Unauthorized access attempt to /Salvio2/public/
[2025-05-03 04:25:34] Unauthorized access attempt to /Salvio2/public/
[2025-05-03 04:25:34] Unauthorized access attempt to /Salvio2/public/
[2025-05-03 04:25:35] Unauthorized access attempt to /Salvio2/public/
[2025-05-03 04:25:35] Unauthorized access attempt to /Salvio2/public/
[2025-05-03 04:25:35] Unauthorized access attempt to /Salvio2/public/
[2025-05-03 04:25:35] Unauthorized access attempt to /Salvio2/public/
[2025-05-03 04:25:35] Unauthorized access attempt to /Salvio2/public/
[2025-05-03 04:25:35] Unauthorized access attempt to /Salvio2/public/
[2025-05-03 04:25:35] Unauthorized access attempt to /Salvio2/public/
[2025-05-03 04:25:35] Unauthorized access attempt to /Salvio2/public/
[2025-05-03 04:25:35] Unauthorized access attempt to /Salvio2/public/
[2025-05-03 04:25:35] Unauthorized access attempt to /Salvio2/public/
[2025-05-03 04:25:49] Unauthorized access attempt to /Salvio2/public/
[2025-05-03 04:25:49] Unauthorized access attempt to /Salvio2/public/
[2025-05-03 04:25:49] Unauthorized access attempt to /Salvio2/public/
[2025-05-03 04:25:49] Unauthorized access attempt to /Salvio2/public/
[2025-05-03 04:25:49] Unauthorized access attempt to /Salvio2/public/
[2025-05-03 04:25:49] Unauthorized access attempt to /Salvio2/public/
[2025-05-03 04:25:49] Unauthorized access attempt to /Salvio2/public/
[2025-05-03 04:25:49] Unauthorized access attempt to /Salvio2/public/
[2025-05-03 04:25:49] Unauthorized access attempt to /Salvio2/public/
[2025-05-03 04:25:49] Unauthorized access attempt to /Salvio2/public/
[2025-05-03 04:25:50] Unauthorized access attempt to /Salvio2/public/
[2025-05-03 04:25:50] Unauthorized access attempt to /Salvio2/public/
[2025-05-03 04:25:50] Unauthorized access attempt to /Salvio2/public/
[2025-05-03 04:25:50] Unauthorized access attempt to /Salvio2/public/
[2025-05-03 04:25:50] Unauthorized access attempt to /Salvio2/public/
[2025-05-03 04:25:50] Unauthorized access attempt to /Salvio2/public/
[2025-05-03 04:25:50] Unauthorized access attempt to /Salvio2/public/
[2025-05-03 04:25:50] Unauthorized access attempt to /Salvio2/public/
[2025-05-03 04:25:50] Unauthorized access attempt to /Salvio2/public/
[2025-05-03 04:25:50] Unauthorized access attempt to /Salvio2/public/
[2025-05-03 04:25:55] Unauthorized access attempt to /Salvio2/public/
[2025-05-03 04:25:58] Unauthorized access attempt to /Salvio2/public/
[2025-05-03 04:25:58] Unauthorized access attempt to /Salvio2/public/
[2025-05-03 04:25:58] Unauthorized access attempt to /Salvio2/public/
[2025-05-03 04:25:58] Unauthorized access attempt to /Salvio2/public/
[2025-05-03 04:25:58] Unauthorized access attempt to /Salvio2/public/
[2025-05-03 04:25:58] Unauthorized access attempt to /Salvio2/public/
[2025-05-03 04:25:58] Unauthorized access attempt to /Salvio2/public/
[2025-05-03 04:25:58] Unauthorized access attempt to /Salvio2/public/
[2025-05-03 04:25:58] Unauthorized access attempt to /Salvio2/public/
[2025-05-03 04:25:58] Unauthorized access attempt to /Salvio2/public/
[2025-05-03 04:25:59] Unauthorized access attempt to /Salvio2/public/
[2025-05-03 04:25:59] Unauthorized access attempt to /Salvio2/public/
[2025-05-03 04:25:59] Unauthorized access attempt to /Salvio2/public/
[2025-05-03 04:25:59] Unauthorized access attempt to /Salvio2/public/
[2025-05-03 04:25:59] Unauthorized access attempt to /Salvio2/public/
[2025-05-03 04:25:59] Unauthorized access attempt to /Salvio2/public/
[2025-05-03 04:25:59] Unauthorized access attempt to /Salvio2/public/
[2025-05-03 04:25:59] Unauthorized access attempt to /Salvio2/public/
[2025-05-03 04:25:59] Unauthorized access attempt to /Salvio2/public/
[2025-05-03 04:25:59] Unauthorized access attempt to /Salvio2/public/
[2025-05-03 04:26:00] Unauthorized access attempt to /Salvio2/public/
[2025-05-03 04:26:00] Unauthorized access attempt to /Salvio2/public/
[2025-05-03 04:26:00] Unauthorized access attempt to /Salvio2/public/
[2025-05-03 04:26:00] Unauthorized access attempt to /Salvio2/public/
[2025-05-03 04:26:00] Unauthorized access attempt to /Salvio2/public/
[2025-05-03 04:26:00] Unauthorized access attempt to /Salvio2/public/
[2025-05-03 04:26:00] Unauthorized access attempt to /Salvio2/public/
[2025-05-03 04:26:00] Unauthorized access attempt to /Salvio2/public/
[2025-05-03 04:26:00] Unauthorized access attempt to /Salvio2/public/
[2025-05-03 04:26:00] Unauthorized access attempt to /Salvio2/public/
[2025-05-03 04:45:16] Unauthorized access attempt to /Salvio2/public/
[2025-05-03 04:45:16] Unauthorized access attempt to /Salvio2/public/
[2025-05-03 04:45:16] Unauthorized access attempt to /Salvio2/public/
[2025-05-03 04:45:16] Unauthorized access attempt to /Salvio2/public/
[2025-05-03 04:45:16] Unauthorized access attempt to /Salvio2/public/
[2025-05-03 04:45:16] Unauthorized access attempt to /Salvio2/public/
[2025-05-03 04:45:16] Unauthorized access attempt to /Salvio2/public/
[2025-05-03 04:45:16] Unauthorized access attempt to /Salvio2/public/
[2025-05-03 04:45:16] Unauthorized access attempt to /Salvio2/public/
[2025-05-03 04:45:16] Unauthorized access attempt to /Salvio2/public/
[2025-05-03 04:45:17] Unauthorized access attempt to /Salvio2/public/
[2025-05-03 04:45:17] Unauthorized access attempt to /Salvio2/public/
[2025-05-03 04:45:18] Unauthorized access attempt to /Salvio2/public/
[2025-05-03 04:45:18] Unauthorized access attempt to /Salvio2/public/
[2025-05-03 04:45:18] Unauthorized access attempt to /Salvio2/public/
[2025-05-03 04:45:18] Unauthorized access attempt to /Salvio2/public/
[2025-05-03 04:45:18] Unauthorized access attempt to /Salvio2/public/
[2025-05-03 04:45:18] Unauthorized access attempt to /Salvio2/public/
[2025-05-03 04:45:18] Unauthorized access attempt to /Salvio2/public/
[2025-05-03 04:45:18] Unauthorized access attempt to /Salvio2/public/
[2025-05-03 04:45:23] Unauthorized access attempt to /Salvio2/public/
[2025-05-03 04:45:23] Unauthorized access attempt to /Salvio2/public/
[2025-05-03 04:45:23] Unauthorized access attempt to /Salvio2/public/
[2025-05-03 04:45:23] Unauthorized access attempt to /Salvio2/public/
[2025-05-03 04:45:23] Unauthorized access attempt to /Salvio2/public/
[2025-05-03 04:45:23] Unauthorized access attempt to /Salvio2/public/
[2025-05-03 04:45:23] Unauthorized access attempt to /Salvio2/public/
[2025-05-03 04:45:23] Unauthorized access attempt to /Salvio2/public/
[2025-05-03 04:45:23] Unauthorized access attempt to /Salvio2/public/
[2025-05-03 04:45:23] Unauthorized access attempt to /Salvio2/public/
[2025-05-03 04:45:53] Unauthorized access attempt to /Salvio2/public/
[2025-05-03 04:45:53] Unauthorized access attempt to /Salvio2/public/
[2025-05-03 04:45:53] Unauthorized access attempt to /Salvio2/public/
[2025-05-03 04:45:53] Unauthorized access attempt to /Salvio2/public/
[2025-05-03 04:45:53] Unauthorized access attempt to /Salvio2/public/
[2025-05-03 04:45:53] Unauthorized access attempt to /Salvio2/public/
[2025-05-03 04:45:53] Unauthorized access attempt to /Salvio2/public/
[2025-05-03 04:45:53] Unauthorized access attempt to /Salvio2/public/
[2025-05-03 04:45:53] Unauthorized access attempt to /Salvio2/public/
[2025-05-03 04:45:53] Unauthorized access attempt to /Salvio2/public/
[2025-05-03 04:46:53] Unauthorized access attempt to /Salvio2/public/
[2025-05-03 04:46:53] Unauthorized access attempt to /Salvio2/public/
[2025-05-03 04:46:53] Unauthorized access attempt to /Salvio2/public/
[2025-05-03 04:46:53] Unauthorized access attempt to /Salvio2/public/
[2025-05-03 04:46:53] Unauthorized access attempt to /Salvio2/public/
[2025-05-03 04:46:53] Unauthorized access attempt to /Salvio2/public/
[2025-05-03 04:46:53] Unauthorized access attempt to /Salvio2/public/
[2025-05-03 04:46:53] Unauthorized access attempt to /Salvio2/public/
[2025-05-03 04:46:53] Unauthorized access attempt to /Salvio2/public/
[2025-05-03 04:46:53] Unauthorized access attempt to /Salvio2/public/
[2025-05-03 04:47:27] User 'admin' logged in successfully.
[2025-05-03 04:50:01] Unauthorized access attempt to /Salvio2/public/commissions/rates
[2025-05-03 04:50:36] User 'admin' logged in successfully.
[2025-05-03 04:51:53] Unauthorized access attempt to /Salvio2/public/
[2025-05-03 04:51:54] Unauthorized access attempt to /Salvio2/public/
[2025-05-03 04:51:54] Unauthorized access attempt to /Salvio2/public/
[2025-05-03 04:51:54] Unauthorized access attempt to /Salvio2/public/
[2025-05-03 04:51:54] Unauthorized access attempt to /Salvio2/public/
[2025-05-03 04:51:54] Unauthorized access attempt to /Salvio2/public/
[2025-05-03 04:51:54] Unauthorized access attempt to /Salvio2/public/
[2025-05-03 04:51:54] Unauthorized access attempt to /Salvio2/public/
[2025-05-03 04:51:54] Unauthorized access attempt to /Salvio2/public/
[2025-05-03 04:51:54] Unauthorized access attempt to /Salvio2/public/
[2025-05-03 05:01:54] Unauthorized access attempt to /Salvio2/public/
[2025-05-03 05:01:54] Unauthorized access attempt to /Salvio2/public/
[2025-05-03 05:01:54] Unauthorized access attempt to /Salvio2/public/
[2025-05-03 05:01:54] Unauthorized access attempt to /Salvio2/public/
[2025-05-03 05:01:54] Unauthorized access attempt to /Salvio2/public/
[2025-05-03 05:01:54] Unauthorized access attempt to /Salvio2/public/
[2025-05-03 05:01:54] Unauthorized access attempt to /Salvio2/public/
[2025-05-03 05:01:54] Unauthorized access attempt to /Salvio2/public/
[2025-05-03 05:01:54] Unauthorized access attempt to /Salvio2/public/
[2025-05-03 05:01:54] Unauthorized access attempt to /Salvio2/public/
[2025-05-03 05:02:32] Unauthorized access attempt to /Salvio2/public/
[2025-05-03 05:02:32] Unauthorized access attempt to /Salvio2/public/
[2025-05-03 05:02:32] Unauthorized access attempt to /Salvio2/public/
[2025-05-03 05:02:32] Unauthorized access attempt to /Salvio2/public/
[2025-05-03 05:02:32] Unauthorized access attempt to /Salvio2/public/
[2025-05-03 05:02:32] Unauthorized access attempt to /Salvio2/public/
[2025-05-03 05:02:32] Unauthorized access attempt to /Salvio2/public/
[2025-05-03 05:02:32] Unauthorized access attempt to /Salvio2/public/
[2025-05-03 05:02:32] Unauthorized access attempt to /Salvio2/public/
[2025-05-03 05:02:32] Unauthorized access attempt to /Salvio2/public/
[2025-05-03 05:02:33] Unauthorized access attempt to /Salvio2/public/
[2025-05-03 05:02:33] Unauthorized access attempt to /Salvio2/public/
[2025-05-03 05:02:33] Unauthorized access attempt to /Salvio2/public/
[2025-05-03 05:02:33] Unauthorized access attempt to /Salvio2/public/
[2025-05-03 05:02:33] Unauthorized access attempt to /Salvio2/public/
[2025-05-03 05:02:33] Unauthorized access attempt to /Salvio2/public/
[2025-05-03 05:02:33] Unauthorized access attempt to /Salvio2/public/
[2025-05-03 05:02:33] Unauthorized access attempt to /Salvio2/public/
[2025-05-03 05:02:33] Unauthorized access attempt to /Salvio2/public/
[2025-05-03 05:02:33] Unauthorized access attempt to /Salvio2/public/
[2025-05-03 05:02:37] Unauthorized access attempt to /Salvio2/public/
[2025-05-03 05:02:38] Unauthorized access attempt to /Salvio2/public/
[2025-05-03 05:02:38] Unauthorized access attempt to /Salvio2/public/
[2025-05-03 05:02:38] Unauthorized access attempt to /Salvio2/public/
[2025-05-03 05:02:38] Unauthorized access attempt to /Salvio2/public/
[2025-05-03 05:02:38] Unauthorized access attempt to /Salvio2/public/
[2025-05-03 05:02:38] Unauthorized access attempt to /Salvio2/public/
[2025-05-03 05:02:38] Unauthorized access attempt to /Salvio2/public/
[2025-05-03 05:02:38] Unauthorized access attempt to /Salvio2/public/
[2025-05-03 05:02:38] Unauthorized access attempt to /Salvio2/public/
[2025-05-03 05:02:39] Unauthorized access attempt to /Salvio2/public/
[2025-05-03 05:02:39] Unauthorized access attempt to /Salvio2/public/
[2025-05-03 05:02:39] Unauthorized access attempt to /Salvio2/public/
[2025-05-03 05:02:39] Unauthorized access attempt to /Salvio2/public/
[2025-05-03 05:02:39] Unauthorized access attempt to /Salvio2/public/
[2025-05-03 05:02:39] Unauthorized access attempt to /Salvio2/public/
[2025-05-03 05:02:39] Unauthorized access attempt to /Salvio2/public/
[2025-05-03 05:02:39] Unauthorized access attempt to /Salvio2/public/
[2025-05-03 05:02:39] Unauthorized access attempt to /Salvio2/public/
[2025-05-03 05:02:39] Unauthorized access attempt to /Salvio2/public/
[2025-05-03 05:02:43] Unauthorized access attempt to /Salvio2/public/
[2025-05-03 05:02:43] Unauthorized access attempt to /Salvio2/public/
[2025-05-03 05:02:43] Unauthorized access attempt to /Salvio2/public/
[2025-05-03 05:02:43] Unauthorized access attempt to /Salvio2/public/
[2025-05-03 05:02:43] Unauthorized access attempt to /Salvio2/public/
[2025-05-03 05:02:43] Unauthorized access attempt to /Salvio2/public/
[2025-05-03 05:02:43] Unauthorized access attempt to /Salvio2/public/
[2025-05-03 05:02:43] Unauthorized access attempt to /Salvio2/public/
[2025-05-03 05:02:43] Unauthorized access attempt to /Salvio2/public/
[2025-05-03 05:02:43] Unauthorized access attempt to /Salvio2/public/
[2025-05-03 05:02:44] Unauthorized access attempt to /Salvio2/public/
[2025-05-03 05:02:44] Unauthorized access attempt to /Salvio2/public/
[2025-05-03 05:02:44] Unauthorized access attempt to /Salvio2/public/
[2025-05-03 05:02:44] Unauthorized access attempt to /Salvio2/public/
[2025-05-03 05:02:44] Unauthorized access attempt to /Salvio2/public/
[2025-05-03 05:02:44] Unauthorized access attempt to /Salvio2/public/
[2025-05-03 05:02:44] Unauthorized access attempt to /Salvio2/public/
[2025-05-03 05:02:44] Unauthorized access attempt to /Salvio2/public/
[2025-05-03 05:02:44] Unauthorized access attempt to /Salvio2/public/
[2025-05-03 05:02:44] Unauthorized access attempt to /Salvio2/public/
[2025-05-03 05:02:49] Unauthorized access attempt to /Salvio2/public/
[2025-05-03 05:02:49] Unauthorized access attempt to /Salvio2/public/
[2025-05-03 05:02:49] Unauthorized access attempt to /Salvio2/public/
[2025-05-03 05:02:49] Unauthorized access attempt to /Salvio2/public/
[2025-05-03 05:02:49] Unauthorized access attempt to /Salvio2/public/
[2025-05-03 05:02:49] Unauthorized access attempt to /Salvio2/public/
[2025-05-03 05:02:49] Unauthorized access attempt to /Salvio2/public/
[2025-05-03 05:02:49] Unauthorized access attempt to /Salvio2/public/
[2025-05-03 05:02:49] Unauthorized access attempt to /Salvio2/public/
[2025-05-03 05:02:49] Unauthorized access attempt to /Salvio2/public/
[2025-05-03 05:03:19] Unauthorized access attempt to /Salvio2/public/
[2025-05-03 05:03:19] Unauthorized access attempt to /Salvio2/public/
[2025-05-03 05:03:19] Unauthorized access attempt to /Salvio2/public/
[2025-05-03 05:03:19] Unauthorized access attempt to /Salvio2/public/
[2025-05-03 05:03:20] Unauthorized access attempt to /Salvio2/public/
[2025-05-03 05:03:20] Unauthorized access attempt to /Salvio2/public/
[2025-05-03 05:03:20] Unauthorized access attempt to /Salvio2/public/
[2025-05-03 05:03:20] Unauthorized access attempt to /Salvio2/public/
[2025-05-03 05:03:20] Unauthorized access attempt to /Salvio2/public/
[2025-05-03 05:03:20] Unauthorized access attempt to /Salvio2/public/
[2025-05-03 05:04:20] Unauthorized access attempt to /Salvio2/public/
[2025-05-03 05:04:20] Unauthorized access attempt to /Salvio2/public/
[2025-05-03 05:04:20] Unauthorized access attempt to /Salvio2/public/
[2025-05-03 05:04:20] Unauthorized access attempt to /Salvio2/public/
[2025-05-03 05:04:20] Unauthorized access attempt to /Salvio2/public/
[2025-05-03 05:04:20] Unauthorized access attempt to /Salvio2/public/
[2025-05-03 05:04:20] Unauthorized access attempt to /Salvio2/public/
[2025-05-03 05:04:20] Unauthorized access attempt to /Salvio2/public/
[2025-05-03 05:04:20] Unauthorized access attempt to /Salvio2/public/
[2025-05-03 05:04:20] Unauthorized access attempt to /Salvio2/public/
[2025-05-03 05:09:20] Unauthorized access attempt to /Salvio2/public/
[2025-05-03 05:09:20] Unauthorized access attempt to /Salvio2/public/
[2025-05-03 05:09:20] Unauthorized access attempt to /Salvio2/public/
[2025-05-03 05:09:20] Unauthorized access attempt to /Salvio2/public/
[2025-05-03 05:09:20] Unauthorized access attempt to /Salvio2/public/
[2025-05-03 05:09:20] Unauthorized access attempt to /Salvio2/public/
[2025-05-03 05:09:20] Unauthorized access attempt to /Salvio2/public/
[2025-05-03 05:09:20] Unauthorized access attempt to /Salvio2/public/
[2025-05-03 05:09:20] Unauthorized access attempt to /Salvio2/public/
[2025-05-03 05:09:20] Unauthorized access attempt to /Salvio2/public/
[2025-05-03 05:19:20] Unauthorized access attempt to /Salvio2/public/
[2025-05-03 05:19:20] Unauthorized access attempt to /Salvio2/public/
[2025-05-03 05:19:20] Unauthorized access attempt to /Salvio2/public/
[2025-05-03 05:19:20] Unauthorized access attempt to /Salvio2/public/
[2025-05-03 05:19:20] Unauthorized access attempt to /Salvio2/public/
[2025-05-03 05:19:20] Unauthorized access attempt to /Salvio2/public/
[2025-05-03 05:19:20] Unauthorized access attempt to /Salvio2/public/
[2025-05-03 05:19:20] Unauthorized access attempt to /Salvio2/public/
[2025-05-03 05:19:20] Unauthorized access attempt to /Salvio2/public/
[2025-05-03 05:19:20] Unauthorized access attempt to /Salvio2/public/
[2025-05-03 05:49:21] Unauthorized access attempt to /Salvio2/public/
[2025-05-03 05:49:21] Unauthorized access attempt to /Salvio2/public/
[2025-05-03 05:49:21] Unauthorized access attempt to /Salvio2/public/
[2025-05-03 05:49:21] Unauthorized access attempt to /Salvio2/public/
[2025-05-03 05:49:21] Unauthorized access attempt to /Salvio2/public/
[2025-05-03 05:49:21] Unauthorized access attempt to /Salvio2/public/
[2025-05-03 05:49:21] Unauthorized access attempt to /Salvio2/public/
[2025-05-03 05:49:21] Unauthorized access attempt to /Salvio2/public/
[2025-05-03 05:49:21] Unauthorized access attempt to /Salvio2/public/
[2025-05-03 05:49:21] Unauthorized access attempt to /Salvio2/public/
[2025-05-03 06:19:21] Unauthorized access attempt to /Salvio2/public/
[2025-05-03 06:19:21] Unauthorized access attempt to /Salvio2/public/
[2025-05-03 06:19:21] Unauthorized access attempt to /Salvio2/public/
[2025-05-03 06:19:21] Unauthorized access attempt to /Salvio2/public/
[2025-05-03 06:19:21] Unauthorized access attempt to /Salvio2/public/
[2025-05-03 06:19:21] Unauthorized access attempt to /Salvio2/public/
[2025-05-03 06:19:21] Unauthorized access attempt to /Salvio2/public/
[2025-05-03 06:19:21] Unauthorized access attempt to /Salvio2/public/
[2025-05-03 06:19:21] Unauthorized access attempt to /Salvio2/public/
[2025-05-03 06:19:21] Unauthorized access attempt to /Salvio2/public/
[2025-05-03 06:22:31] Unauthorized access attempt to /Salvio2/public/
[2025-05-03 06:22:31] Unauthorized access attempt to /Salvio2/public/
[2025-05-03 06:22:31] Unauthorized access attempt to /Salvio2/public/
[2025-05-03 06:22:31] Unauthorized access attempt to /Salvio2/public/
[2025-05-03 06:22:31] Unauthorized access attempt to /Salvio2/public/
[2025-05-03 06:22:31] Unauthorized access attempt to /Salvio2/public/
[2025-05-03 06:22:31] Unauthorized access attempt to /Salvio2/public/
[2025-05-03 06:22:31] Unauthorized access attempt to /Salvio2/public/
[2025-05-03 06:22:31] Unauthorized access attempt to /Salvio2/public/
[2025-05-03 06:22:31] Unauthorized access attempt to /Salvio2/public/
[2025-05-03 06:22:35] Unauthorized access attempt to /Salvio2/public/
[2025-05-03 06:22:35] Unauthorized access attempt to /Salvio2/public/
[2025-05-03 06:22:35] Unauthorized access attempt to /Salvio2/public/
[2025-05-03 06:22:35] Unauthorized access attempt to /Salvio2/public/
[2025-05-03 06:22:35] Unauthorized access attempt to /Salvio2/public/
[2025-05-03 06:22:35] Unauthorized access attempt to /Salvio2/public/
[2025-05-03 06:22:35] Unauthorized access attempt to /Salvio2/public/
[2025-05-03 06:22:35] Unauthorized access attempt to /Salvio2/public/
[2025-05-03 06:22:35] Unauthorized access attempt to /Salvio2/public/
[2025-05-03 06:22:35] Unauthorized access attempt to /Salvio2/public/
[2025-05-03 06:22:36] Unauthorized access attempt to /Salvio2/public/
[2025-05-03 06:22:36] Unauthorized access attempt to /Salvio2/public/
[2025-05-03 06:22:36] Unauthorized access attempt to /Salvio2/public/
[2025-05-03 06:22:36] Unauthorized access attempt to /Salvio2/public/
[2025-05-03 06:22:36] Unauthorized access attempt to /Salvio2/public/
[2025-05-03 06:22:36] Unauthorized access attempt to /Salvio2/public/
[2025-05-03 06:22:36] Unauthorized access attempt to /Salvio2/public/
[2025-05-03 06:22:36] Unauthorized access attempt to /Salvio2/public/
[2025-05-03 06:22:36] Unauthorized access attempt to /Salvio2/public/
[2025-05-03 06:22:36] Unauthorized access attempt to /Salvio2/public/
[2025-05-03 06:24:50] Unauthorized access attempt to /Salvio2/public/
[2025-05-03 06:24:51] User 'admin' logged in successfully.
[2025-05-03 06:25:01] User 'admin' accessed orders list
[2025-05-03 06:25:02] User 'admin' accessed products list.
[2025-05-03 06:25:03] User 'admin' accessed orders list
[2025-05-03 06:28:04] User 'admin' logged in successfully.
[2025-05-03 06:30:12] User 'admin' accessed orders list
[2025-05-03 06:30:19] User 'admin' accessed products list.
[2025-05-03 06:30:29] User 'admin' accessed orders list
[2025-05-03 06:33:09] User 'admin' logged in successfully.
[2025-05-03 06:36:41] Unauthorized access attempt to /Salvio2/public/products
[2025-05-03 06:37:52] Failed login attempt for username 'admin'.
[2025-05-03 06:53:28] User 'admin' logged in successfully.
[2025-05-03 06:59:50] User 'admin' logged in successfully.
[2025-05-03 07:01:30] Unauthorized access attempt to /Salvio2/public/profit-sharing
[2025-05-03 07:04:59] User 'admin' logged in successfully.
[2025-05-03 07:08:48] Unauthorized access attempt to /Salvio2/public/reports
[2025-05-03 07:09:31] User 'admin' logged in successfully.
[2025-05-03 07:12:59] User 'admin' accessed orders list
[2025-05-03 07:18:16] User 'admin' accessed products list.
[2025-05-03 07:18:19] User 'admin' accessed products list.
[2025-05-03 07:18:24] User 'admin' logged out.
[2025-05-03 07:18:26] User 'admin' logged in successfully.
[2025-05-03 07:22:09] User 'admin' logged out.
[2025-05-03 07:22:11] User 'admin' logged in successfully.
[2025-05-03 07:25:12] User 'admin' logged out.
[2025-05-03 07:25:13] User 'admin' logged in successfully.
[2025-05-03 07:25:17] User 'admin' accessed products list.
[2025-05-03 07:25:20] User 'admin' accessed products list.
[2025-05-03 07:25:23] User 'admin' accessed orders list
[2025-05-03 07:25:52] User 'admin' accessed products list.
[2025-05-03 07:33:29] User 'admin' accessed products list.
[2025-05-03 07:48:21] User 'admin' accessed products list.
